<html>
<body>
<pre>
<h1>µVision Build Log</h1>
<h2>Tool Versions:</h2>
IDE-Version: ¦ÌVision V5.36.0.0
Copyright (C) 2021 ARM Ltd and ARM Germany GmbH. All rights reserved.
License Information: efghedf deluo, sdfg, LIC=Z3C6R-KKFRK-AWA2F-67SUM-YRS7E-ULXH8
 
Tool Versions:
Toolchain:       MDK-ARM Professional  Version: 5.36.0.0
Toolchain Path:  E:\software\mdk5\ARM\ARMCC\Bin
C Compiler:      Armcc.exe V5.06 update 7 (build 960)
Assembler:       Armasm.exe V5.06 update 7 (build 960)
Linker/Locator:  ArmLink.exe V5.06 update 7 (build 960)
Library Manager: ArmAr.exe V5.06 update 7 (build 960)
Hex Converter:   FromElf.exe V5.06 update 7 (build 960)
CPU DLL:         SARMCM3.DLL V5.36.0.0
Dialog DLL:      DCM.DLL V1.17.3.0
Target DLL:      STLink\ST-LINKIII-KEIL_SWO.dll V3.0.9.0
Dialog DLL:      TCM.DLL V1.53.0.0
 
<h2>Project:</h2>
C:\Users\deluo\Desktop\robot_xunjian\git_file\robot_slave\bare_development\MDK-ARM\bare_development.uvprojx
Project File Date:  03/30/2023

<h2>Output:</h2>
*** Using Compiler 'V5.06 update 7 (build 960)', folder: 'E:\software\mdk5\ARM\ARMCC\Bin'
Build target 'bare_development'
compiling voltage_get.c...
..\SOFTWARE\voltage_get.c(7): warning:  #1-D: last line of file ends without a newline
  }
..\SOFTWARE\voltage_get.c(7): warning:  #940-D: missing return statement at end of non-void function "Get_adc" 
  }
..\SOFTWARE\voltage_get.c: 2 warnings, 0 errors
compiling main.c...
linking...
Program Size: Code=6408 RO-data=448 RW-data=16 ZI-data=1848  
FromELF: creating hex file...
"bare_development\bare_development.axf" - 0 Error(s), 2 Warning(s).

<h2>Software Packages used:</h2>

Package Vendor: ARM
                http://www.keil.com/pack/ARM.CMSIS.5.8.0.pack
                ARM.CMSIS.5.8.0
                CMSIS (Common Microcontroller Software Interface Standard)
   * Component: CORE Version: 5.5.0

Package Vendor: Keil
                https://www.keil.com/pack/Keil.STM32F4xx_DFP.2.17.0.pack
                Keil.STM32F4xx_DFP.2.17.0
                STMicroelectronics STM32F4 Series Device Support, Drivers and Examples

<h2>Collection of Component include folders:</h2>
  .\RTE\_bare_development
  E:\software\mdk5_pack\ARM\CMSIS\5.8.0\CMSIS\Core\Include
  E:\software\mdk5_pack\Keil\STM32F4xx_DFP\2.17.0\Drivers\CMSIS\Device\ST\STM32F4xx\Include

<h2>Collection of Component Files used:</h2>

   * Component: ARM::CMSIS:CORE:5.5.0
      Include file:  CMSIS\Core\Include\tz_context.h
Build Time Elapsed:  00:00:02
</pre>
</body>
</html>
